Microchip MPLAB XC8 Compiler V1.31 ()

Linker command line:

--edf=C:\CAE_tools\Microchip\xc8\v1.31\dat\en_msgs.txt -cs \
  -h+dist/XC8_PIC16F690/production\pic16_c_template_1.X.production.sym \
  --cmf=dist/XC8_PIC16F690/production\pic16_c_template_1.X.production.cmf \
  -z -Q16F690 -oC:\Users\moise\AppData\Local\Temp\s6i4.6 \
  -Mdist/XC8_PIC16F690/production/pic16_c_template_1.X.production.map -E1 \
  -ver=XC8 -ASTACK=0A0h-0efh -pstack=STACK -ACONST=00h-0FFhx16 \
  -ACODE=00h-07FFhx2 -ASTRCODE=00h-0FFFh -AENTRY=00h-0FFhx16 \
  -ASTRING=00h-0FFhx16 -ACOMMON=070h-07Fh -ABANK0=020h-06Fh \
  -ABANK1=0A0h-0EFh -ABANK2=0120h-016Fh \
  -ARAM=020h-06Fh,0A0h-0EFh,0120h-016Fh \
  -AABS1=020h-07Fh,0A0h-0EFh,0120h-016Fh -ASFR0=00h-01Fh -ASFR1=080h-09Fh \
  -ASFR2=0100h-011Fh -ASFR3=0180h-01EFh \
  -preset_vec=00h,intentry=04h,init,end_init -ppowerup=CODE -pcinit=CODE \
  -pfunctab=CODE -ACONFIG=02007h-02007h -pconfig=CONFIG -DCONFIG=2 \
  -AIDLOC=02000h-02003h -pidloc=IDLOC -DIDLOC=2 -AEEDATA=00h-0FFh/02100h \
  -peeprom_data=EEDATA -DEEDATA=2 -DCODE=2 -DSTRCODE=2 -DSTRING=2 -DCONST=2 \
  -DENTRY=2 -k C:\Users\moise\AppData\Local\Temp\s6i4.obj \
  dist/XC8_PIC16F690/production\pic16_c_template_1.X.production.obj 

Object code version is 3.11

Machine type is 16F690



                Name                               Link     Load   Length Selector   Space Scale
C:\Users\moise\AppData\Local\Temp\s6i4.obj
                end_init                             11       11        2        8       0
                reset_vec                             0        0        2        0       0
                config                             2007     2007        1     400E       0
dist/XC8_PIC16F690/production\pic16_c_template_1.X.production.obj
                cinit                                13       13        5        8       0
                intentry                              4        4        D        8       0
                text9                               14B      14B        A       C8       0
                text8                               15D      15D        8       C8       0
                text7                               123      123       1C       C8       0
                text6                               13F      13F        C       C8       0
                text5                                E4       E4       21       C8       0
                text4                               105      105       1E       C8       0
                text3                                BC       BC       28       C8       0
                text2                               155      155        8       C8       0
                text1                                94       94       28       C8       0
                maintext                             64       64       30       C8       0
                cstackBANK0                          20       20       10       20       1
                cstackCOMMON                         70       70        7       70       1
                bssCOMMON                            77       77        2       70       1
                strings                              18       18       4C       30       0

TOTAL           Name                               Link     Load   Length     Space
        CLASS   STACK          

        CLASS   CONST          

        CLASS   CODE           
                end_init                             11       11        2         0
                cinit                                13       13        5         0
                intentry                              4        4        D         0
                reset_vec                             0        0        2         0
                text9                               14B      14B        A         0
                text8                               15D      15D        8         0
                text7                               123      123       1C         0
                text6                               13F      13F        C         0
                text5                                E4       E4       21         0
                text4                               105      105       1E         0
                text3                                BC       BC       28         0
                text2                               155      155        8         0
                text1                                94       94       28         0
                maintext                             64       64       30         0

        CLASS   STRCODE        

        CLASS   ENTRY          

        CLASS   STRING         
                strings                              18       18       4C         0

        CLASS   COMMON         
                cstackCOMMON                         70       70        7         1
                bssCOMMON                            77       77        2         1

        CLASS   BANK0          
                cstackBANK0                          20       20       10         1

        CLASS   BANK1          

        CLASS   BANK2          

        CLASS   RAM            

        CLASS   ABS1           
                abs_s1                               7E       7E        2         1

        CLASS   SFR0           

        CLASS   SFR1           

        CLASS   SFR2           

        CLASS   SFR3           

        CLASS   CONFIG         
                config                             2007     2007        1         0

        CLASS   IDLOC          

        CLASS   EEDATA         

        CLASS   BANK3          



SEGMENTS        Name                           Load    Length   Top    Selector   Space  Class     Delta

                reset_vec                      000000  000002  000002         0       0  CODE        2
                intentry                       000004  000014  000018         8       0  CODE        2
                cstackBANK0                    000020  000010  000030        20       1  BANK0       1
                strings                        000018  00004C  000064        30       0  STRING      2
                cstackCOMMON                   000070  000009  000079        70       1  COMMON      1
                maintext                       000064  000101  000165        C8       0  CODE        2
                config                         002007  000001  002008      400E       0  CONFIG      2


UNUSED ADDRESS RANGES

        Name                Unused          Largest block    Delta
        BANK0            0030-006F             40           1
        BANK1            00A0-00EF             50           1
        BANK2            0120-016F             50           1
        CODE             0002-0003              2           2
                         0165-0FFF            69B
        COMMON           0079-007D              5           1
        CONST            0002-0003              2           2
                         0165-0FFF            100
        EEDATA           2100-21FF            100           2
        ENTRY            0002-0003              2           2
                         0165-0FFF            100
        IDLOC            2000-2003              4           2
        RAM              0030-006F             40           1
                         00A0-00EF             50
                         0120-016F             50
        SFR0             0000-001F             20           1
        SFR1             0080-009F             20           1
        SFR2             0100-011F             20           1
        SFR3             0180-01EF             70           1
        STACK            00A0-00EF             50           1
        STRCODE          0002-0003              2           2
                         0165-0FFF            E9B
        STRING           0002-0003              2           2
                         0165-0FFF            100

                                  Symbol Table

?_strlen                      cstackCOMMON 0075
_ANSEL                        (abs)        011E
_ANSELH                       (abs)        011F
_BAUDCTLbits                  (abs)        009B
_ConfigureOscillator          text6        013F
_INTCONbits                   (abs)        000B
_OPTION_REGbits               (abs)        0081
_OSCCONbits                   (abs)        008F
_PIE1bits                     (abs)        008C
_PIR1bits                     (abs)        000C
_PORTC                        (abs)        0007
_RCIF                         (abs)        0065
_RCREG                        (abs)        001A
_RCSTAbits                    (abs)        0018
_SPBRG                        (abs)        0099
_SPBRGH                       (abs)        009A
_TMR0                         (abs)        0001
_TRISBbits                    (abs)        0086
_TRISC                        (abs)        0087
_TXIF                         (abs)        0064
_TXREG                        (abs)        0019
_TXSTAbits                    (abs)        0098
__CFG_BOREN$ON                (abs)        0000
__CFG_CP$OFF                  (abs)        0000
__CFG_CPD$OFF                 (abs)        0000
__CFG_FCMEN$ON                (abs)        0000
__CFG_FOSC$INTRCCLK           (abs)        0000
__CFG_IESO$ON                 (abs)        0000
__CFG_MCLRE$ON                (abs)        0000
__CFG_PWRTE$OFF               (abs)        0000
__CFG_WDTE$OFF                (abs)        0000
__Habs1                       abs1         0000
__Hbank0                      bank0        0000
__Hbank1                      bank1        0000
__Hbank2                      bank2        0000
__Hbank3                      bank3        0000
__HbssCOMMON                  bssCOMMON    0000
__Hcinit                      cinit        0018
__Hclrtext                    clrtext      0000
__Hcode                       code         0000
__Hcommon                     common       0000
__Hconfig                     config       2008
__HcstackBANK0                cstackBANK0  0000
__HcstackCOMMON               cstackCOMMON 0000
__Heeprom_data                eeprom_data  0000
__Hend_init                   end_init     0013
__Hfunctab                    functab      0000
__Hidloc                      idloc        0000
__Hinit                       init         0011
__Hintentry                   intentry     0011
__Hmaintext                   maintext     0000
__Hpowerup                    powerup      0000
__Hram                        ram          0000
__Hreset_vec                  reset_vec    0002
__Hsfr0                       sfr0         0000
__Hsfr1                       sfr1         0000
__Hsfr2                       sfr2         0000
__Hsfr3                       sfr3         0000
__Hstack                      stack        0000
__Hstrings                    strings      0000
__Htext                       text         0000
__Labs1                       abs1         0000
__Lbank0                      bank0        0000
__Lbank1                      bank1        0000
__Lbank2                      bank2        0000
__Lbank3                      bank3        0000
__LbssCOMMON                  bssCOMMON    0000
__Lcinit                      cinit        0013
__Lclrtext                    clrtext      0000
__Lcode                       code         0000
__Lcommon                     common       0000
__Lconfig                     config       2007
__LcstackBANK0                cstackBANK0  0000
__LcstackCOMMON               cstackCOMMON 0000
__Leeprom_data                eeprom_data  0000
__Lend_init                   end_init     0011
__Lfunctab                    functab      0000
__Lidloc                      idloc        0000
__Linit                       init         0011
__Lintentry                   intentry     0004
__Lmaintext                   maintext     0000
__Lpowerup                    powerup      0000
__Lram                        ram          0000
__Lreset_vec                  reset_vec    0000
__Lsfr0                       sfr0         0000
__Lsfr1                       sfr1         0000
__Lsfr2                       sfr2         0000
__Lsfr3                       sfr3         0000
__Lstack                      stack        0000
__Lstrings                    strings      0000
__Ltext                       text         0000
__S0                          (abs)        2008
__S1                          (abs)        0079
__S2                          (abs)        0000
__S3                          (abs)        0000
___int_sp                     stack        0000
___latbits                    (abs)        0001
___sp                         stack        0000
__end_of_ConfigureOscillator  text6        014B
__end_of__initialization      cinit        0015
__end_of__stringdata          strings      0064
__end_of__stringtab           strings      001E
__end_of_initUart             text5        0105
__end_of_isr                  text7        013F
__end_of_main                 maintext     0094
__end_of_strcpy               text4        0123
__end_of_strlen               text3        00E4
__end_of_uart_getc            text9        0155
__end_of_uart_printf          text1        00BC
__end_of_uart_putc            text2        015D
__end_ofexp@coeff             strings      003C
__end_ofi1_uart_putc          text8        0165
__end_oflog@coeff             strings      0057
__initialization              cinit        0013
__pbssCOMMON                  bssCOMMON    0077
__pcstackBANK0                cstackBANK0  0020
__pcstackCOMMON               cstackCOMMON 0070
__pintentry                   intentry     0004
__pmaintext                   maintext     0064
__pstrings                    strings      0018
__ptext1                      text1        0094
__ptext2                      text2        0155
__ptext3                      text3        00BC
__ptext4                      text4        0105
__ptext5                      text5        00E4
__ptext6                      text6        013F
__ptext7                      text7        0123
__ptext8                      text8        015D
__ptext9                      text9        014B
__size_of_ConfigureOscillator (abs)        0000
__size_of_initUart            (abs)        0000
__size_of_isr                 (abs)        0000
__size_of_main                (abs)        0000
__size_of_strcpy              (abs)        0000
__size_of_strlen              (abs)        0000
__size_of_uart_getc           (abs)        0000
__size_of_uart_printf         (abs)        0000
__size_of_uart_putc           (abs)        0000
__size_ofi1_uart_putc         (abs)        0000
__stringbase                  strings      001D
__stringdata                  strings      0057
__stringtab                   strings      0018
_errno                        bssCOMMON    0077
_initUart                     text5        00E4
_isr                          text7        0123
_main                         maintext     0064
_strcpy                       text4        0105
_strlen                       text3        00BC
_uart_getc                    text9        014B
_uart_printf                  text1        0094
_uart_putc                    text2        0155
btemp                         (abs)        007E
end_of_initialization         cinit        0015
i1_uart_putc                  text8        015D
i1uart_putc@data              cstackCOMMON 0070
interrupt_function            intentry     0004
intlevel0                     functab      0000
intlevel1                     functab      0000
intlevel2                     functab      0000
intlevel3                     functab      0000
intlevel4                     functab      0000
intlevel5                     functab      0000
ltemp                         (abs)        007E
ltemp0                        (abs)        007E
ltemp1                        (abs)        0082
ltemp2                        (abs)        0086
ltemp3                        (abs)        0080
main@j                        cstackBANK0  002D
main@string                   cstackBANK0  002F
reset_vec                     reset_vec    0000
saved_w                       (abs)        007E
stackhi                       (abs)        0000
stacklo                       (abs)        0000
start                         init         0011
start_initialization          cinit        0013
strcpy@cp                     cstackBANK0  0021
strcpy@from                   cstackCOMMON 0075
strcpy@to                     cstackBANK0  0020
strlen@cp                     cstackBANK0  0025
strlen@s                      cstackBANK0  0024
ttemp                         (abs)        007E
ttemp0                        (abs)        007E
ttemp1                        (abs)        0081
ttemp2                        (abs)        0084
ttemp3                        (abs)        0087
ttemp4                        (abs)        007F
uart_printf@i                 cstackBANK0  0028
uart_printf@string            cstackBANK0  0027
uart_putc@data                cstackCOMMON 0075
wtemp                         (abs)        007E
wtemp0                        (abs)        007E
wtemp1                        (abs)        0080
wtemp2                        (abs)        0082
wtemp3                        (abs)        0084
wtemp4                        (abs)        0086
wtemp5                        (abs)        0088
wtemp6                        (abs)        007F


FUNCTION INFORMATION:

 *************** function _main *****************
 Defined at:
		line 29 in file "main.c"
 Parameters:    Size  Location     Type
		None
 Auto vars:     Size  Location     Type
  j               2   13[BANK0 ] int 
  string          1   15[BANK0 ] PTR unsigned char 
 Return value:  Size  Location     Type
		None               void
 Registers used:
		wreg, fsr0l, fsr0h, status,2, status,0, pclath, cstack
 Tracked objects:
		On entry : 
		On exit  : 
		Unchanged: 
 Data sizes:     COMMON   BANK0   BANK1   BANK2
      Params:         0       0       0       0
      Locals:         0       3       0       0
      Temps:          0       3       0       0
      Totals:         0       6       0       0
Total ram usage:        6 bytes
 Hardware stack levels required when called:    4
 This function calls:
		_ConfigureOscillator
		_initUart
		_strcpy
		_uart_printf
 This function is called by:
		Startup code after reset
 This function uses a non-reentrant model


 *************** function _uart_printf *****************
 Defined at:
		line 32 in file "UART.c"
 Parameters:    Size  Location     Type
  string          1    wreg     PTR unsigned char 
 Auto vars:     Size  Location     Type
  string          1    7[BANK0 ] PTR unsigned char 
  i               2    8[BANK0 ] int 
 Return value:  Size  Location     Type
		None               void
 Registers used:
		wreg, fsr0l, fsr0h, status,2, status,0, pclath, cstack
 Tracked objects:
		On entry : 
		On exit  : 
		Unchanged: 
 Data sizes:     COMMON   BANK0   BANK1   BANK2
      Params:         0       0       0       0
      Locals:         0       3       0       0
      Temps:          0       1       0       0
      Totals:         0       4       0       0
Total ram usage:        4 bytes
 Hardware stack levels used:    1
 Hardware stack levels required when called:    3
 This function calls:
		_strlen
		_uart_putc
 This function is called by:
		_main
 This function uses a non-reentrant model


 *************** function _uart_putc *****************
 Defined at:
		line 24 in file "UART.c"
 Parameters:    Size  Location     Type
  data            1    wreg     unsigned char 
 Auto vars:     Size  Location     Type
  data            1    5[COMMON] unsigned char 
 Return value:  Size  Location     Type
		None               void
 Registers used:
		wreg
 Tracked objects:
		On entry : 
		On exit  : 
		Unchanged: 
 Data sizes:     COMMON   BANK0   BANK1   BANK2
      Params:         0       0       0       0
      Locals:         1       0       0       0
      Temps:          0       0       0       0
      Totals:         1       0       0       0
Total ram usage:        1 bytes
 Hardware stack levels used:    1
 Hardware stack levels required when called:    2
 This function calls:
		Nothing
 This function is called by:
		_uart_printf
 This function uses a non-reentrant model


 *************** function _strlen *****************
 Defined at:
		line 4 in file "C:\CAE_tools\Microchip\xc8\v1.31\sources\common\strlen.c"
 Parameters:    Size  Location     Type
  s               1    wreg     PTR const unsigned char 
 Auto vars:     Size  Location     Type
  s               1    4[BANK0 ] PTR const unsigned char 
  cp              1    5[BANK0 ] PTR const unsigned char 
 Return value:  Size  Location     Type
                  2    5[COMMON] unsigned int 
 Registers used:
		wreg, fsr0l, fsr0h, status,2, status,0
 Tracked objects:
		On entry : 
		On exit  : 
		Unchanged: 
 Data sizes:     COMMON   BANK0   BANK1   BANK2
      Params:         2       0       0       0
      Locals:         0       2       0       0
      Temps:          0       4       0       0
      Totals:         2       6       0       0
Total ram usage:        8 bytes
 Hardware stack levels used:    1
 Hardware stack levels required when called:    2
 This function calls:
		Nothing
 This function is called by:
		_uart_printf
 This function uses a non-reentrant model


 *************** function _strcpy *****************
 Defined at:
		line 8 in file "C:\CAE_tools\Microchip\xc8\v1.31\sources\common\strcpy.c"
 Parameters:    Size  Location     Type
  to              1    wreg     PTR unsigned char 
  from            1    5[COMMON] PTR const unsigned char 
		 -> STR_1(13), 
 Auto vars:     Size  Location     Type
  to              1    0[BANK0 ] PTR unsigned char 
  cp              1    1[BANK0 ] PTR unsigned char 
 Return value:  Size  Location     Type
                  2    5[COMMON] PTR unsigned char 
 Registers used:
		wreg, fsr0l, fsr0h, status,2, status,0, pclath
 Tracked objects:
		On entry : 
		On exit  : 
		Unchanged: 
 Data sizes:     COMMON   BANK0   BANK1   BANK2
      Params:         1       0       0       0
      Locals:         0       2       0       0
      Temps:          1       0       0       0
      Totals:         2       2       0       0
Total ram usage:        4 bytes
 Hardware stack levels used:    1
 Hardware stack levels required when called:    2
 This function calls:
		Nothing
 This function is called by:
		_main
 This function uses a non-reentrant model


 *************** function _initUart *****************
 Defined at:
		line 43 in file "system.c"
 Parameters:    Size  Location     Type
		None
 Auto vars:     Size  Location     Type
		None
 Return value:  Size  Location     Type
		None               void
 Registers used:
		wreg, status,2
 Tracked objects:
		On entry : 
		On exit  : 
		Unchanged: 
 Data sizes:     COMMON   BANK0   BANK1   BANK2
      Params:         0       0       0       0
      Locals:         0       0       0       0
      Temps:          0       0       0       0
      Totals:         0       0       0       0
Total ram usage:        0 bytes
 Hardware stack levels used:    1
 Hardware stack levels required when called:    2
 This function calls:
		Nothing
 This function is called by:
		_main
 This function uses a non-reentrant model


 *************** function _ConfigureOscillator *****************
 Defined at:
		line 18 in file "system.c"
 Parameters:    Size  Location     Type
		None
 Auto vars:     Size  Location     Type
		None
 Return value:  Size  Location     Type
		None               void
 Registers used:
		wreg, status,2, status,0
 Tracked objects:
		On entry : 
		On exit  : 
		Unchanged: 
 Data sizes:     COMMON   BANK0   BANK1   BANK2
      Params:         0       0       0       0
      Locals:         0       0       0       0
      Temps:          0       0       0       0
      Totals:         0       0       0       0
Total ram usage:        0 bytes
 Hardware stack levels used:    1
 Hardware stack levels required when called:    2
 This function calls:
		Nothing
 This function is called by:
		_main
 This function uses a non-reentrant model


 *************** function _isr *****************
 Defined at:
		line 24 in file "interrupts.c"
 Parameters:    Size  Location     Type
		None
 Auto vars:     Size  Location     Type
		None
 Return value:  Size  Location     Type
		None               void
 Registers used:
		wreg, status,2, status,0, pclath, cstack
 Tracked objects:
		On entry : 
		On exit  : 
		Unchanged: 
 Data sizes:     COMMON   BANK0   BANK1   BANK2
      Params:         0       0       0       0
      Locals:         0       0       0       0
      Temps:          4       0       0       0
      Totals:         4       0       0       0
Total ram usage:        4 bytes
 Hardware stack levels used:    1
 Hardware stack levels required when called:    1
 This function calls:
		_uart_getc
		i1_uart_putc
 This function is called by:
		Interrupt level 1
 This function uses a non-reentrant model


 *************** function i1_uart_putc *****************
 Defined at:
		line 24 in file "UART.c"
 Parameters:    Size  Location     Type
  data            1    wreg     unsigned char 
 Auto vars:     Size  Location     Type
  data            1    0[COMMON] unsigned char 
 Return value:  Size  Location     Type
		None               void
 Registers used:
		wreg
 Tracked objects:
		On entry : 
		On exit  : 
		Unchanged: 
 Data sizes:     COMMON   BANK0   BANK1   BANK2
      Params:         0       0       0       0
      Locals:         1       0       0       0
      Temps:          0       0       0       0
      Totals:         1       0       0       0
Total ram usage:        1 bytes
 Hardware stack levels used:    1
 This function calls:
		Nothing
 This function is called by:
		_isr
 This function uses a non-reentrant model


 *************** function _uart_getc *****************
 Defined at:
		line 39 in file "UART.c"
 Parameters:    Size  Location     Type
		None
 Auto vars:     Size  Location     Type
		None
 Return value:  Size  Location     Type
                  1    wreg      unsigned char 
 Registers used:
		wreg
 Tracked objects:
		On entry : 
		On exit  : 
		Unchanged: 
 Data sizes:     COMMON   BANK0   BANK1   BANK2
      Params:         0       0       0       0
      Locals:         0       0       0       0
      Temps:          0       0       0       0
      Totals:         0       0       0       0
Total ram usage:        0 bytes
 Hardware stack levels used:    1
 This function calls:
		Nothing
 This function is called by:
		_isr
		_uart_get_str
 This function uses a non-reentrant model



MODULE INFORMATION

Module		Function		Class		Link	Load	Size
shared
		exp@coeff      		STRING         	0000	0000	60
		__stringtab    		STRING         	0018	0000	6
		__stringdata   		STRING         	0057	0000	13
		__initializatio		CODE           	0013	0000	2
		log@coeff      		STRING         	0000	0000	87
		i1_uart_putc   		CODE           	015D	0000	8

shared estimated size: 176

main.c
		_main          		CODE           	0064	0000	48

main.c estimated size: 48

system.c
		_ConfigureOscil		CODE           	013F	0000	12
		_initUart      		CODE           	00E4	0000	33

system.c estimated size: 45

interrupts.c
		_isr           		CODE           	0123	0000	28

interrupts.c estimated size: 28

C:\CAE_tools\Microchip\xc8\v1.31\sources\common\strcpy.c
		_strcpy        		CODE           	0105	0000	30

C:\CAE_tools\Microchip\xc8\v1.31\sources\common\strcpy.c estimated size: 30

C:\CAE_tools\Microchip\xc8\v1.31\sources\common\strlen.c
		_strlen        		CODE           	00BC	0000	40

C:\CAE_tools\Microchip\xc8\v1.31\sources\common\strlen.c estimated size: 40

UART.c
		_uart_getc     		CODE           	014B	0000	10
		_uart_printf   		CODE           	0094	0000	40
		_uart_putc     		CODE           	0155	0000	8

UART.c estimated size: 58

