Microchip MPLAB XC8 Compiler V1.32 ()

Linker command line:

--edf=D:\CAE_Tools\Microchip\xc8\v1.32\dat\en_msgs.txt -cs \
  -h+dist/XC8_PIC16F690/production\pic16_c_template_1.X.production.sym \
  --cmf=dist/XC8_PIC16F690/production\pic16_c_template_1.X.production.cmf \
  -z -Q16F690 -oC:\Users\jeremie\AppData\Local\Temp\s2838.6 \
  -Mdist/XC8_PIC16F690/production/pic16_c_template_1.X.production.map -E1 \
  -ver=XC8 -ASTACK=0148h-016fh -pstack=STACK -ACONST=00h-0FFhx16 \
  -ACODE=00h-07FFhx2 -ASTRCODE=00h-0FFFh -AENTRY=00h-0FFhx16 \
  -ASTRING=00h-0FFhx16 -ACOMMON=070h-07Fh -ABANK0=020h-06Fh \
  -ABANK1=0A0h-0EFh -ABANK2=0120h-016Fh \
  -ARAM=020h-06Fh,0A0h-0EFh,0120h-016Fh \
  -AABS1=020h-07Fh,0A0h-0EFh,0120h-016Fh -ASFR0=00h-01Fh -ASFR1=080h-09Fh \
  -ASFR2=0100h-011Fh -ASFR3=0180h-01EFh \
  -preset_vec=00h,intentry=04h,init,end_init -ppowerup=CODE -pcinit=CODE \
  -pfunctab=CODE -ACONFIG=02007h-02007h -pconfig=CONFIG -DCONFIG=2 \
  -AIDLOC=02000h-02003h -pidloc=IDLOC -DIDLOC=2 -AEEDATA=00h-0FFh/02100h \
  -peeprom_data=EEDATA -DEEDATA=2 -DCODE=2 -DSTRCODE=2 -DSTRING=2 -DCONST=2 \
  -DENTRY=2 -k C:\Users\jeremie\AppData\Local\Temp\s2838.obj \
  dist/XC8_PIC16F690/production\pic16_c_template_1.X.production.obj 

Object code version is 3.11

Machine type is 16F690



                Name                               Link     Load   Length Selector   Space Scale
C:\Users\jeremie\AppData\Local\Temp\s2838.obj
                end_init                             11       11        2        8       0
                reset_vec                             0        0        2        0       0
                config                             2007     2007        1     400E       0
dist/XC8_PIC16F690/production\pic16_c_template_1.X.production.obj
                cinit                                13       13       1D        8       0
                intentry                              4        4        D        8       0
                text40                              2E6      2E6       5D        8       0
                text39                              431      431       4D        8       0
                text38                              4BE      4BE       3E        8       0
                text37                              532      532       34        8       0
                text36                              211      211       78        8       0
                text35                               30       30       DC        8       0
                text34                              FE6      FE6       1A     1FCC       0
                text33                              FCE      FCE       18     1F9C       0
                text32                              6B1      6B1       28        8       0
                text31                              3E2      3E2       4F        8       0
                text30                              7BE      7BE       1D        8       0
                text29                              566      566       33        8       0
                text28                              6FF      6FF       24        8       0
                text27                              7DB      7DB       1C        8       0
                text26                              5FA      5FA       2F        8       0
                text25                              763      763       1F        8       0
                text24                              FA6      FA6        A     1F4C       0
                text23                              F8E      F8E        8     1F1C       0
                text22                              343      343       50        8       0
                text21                              393      393       4F        8       0
                text20                              657      657       2E        8       0
                text19                              7A0      7A0       1E        8       0
                text18                              685      685       2C        8       0
                text17                              289      289       5D        8       0
                text16                              723      723       21        8       0
                text15                              6D9      6D9       26        8       0
                text14                              782      782       1E        8       0
                text13                              47E      47E       40        8       0
                text12                              4FC      4FC       36        8       0
                text11                              199      199       78        8       0
                text10                              599      599       31        8       0
                text9                               10C      10C       8D        8       0
                text8                               F96      F96        8     1F2C       0
                text7                               F9E      F9E        8     1F3C       0
                text6                               5CA      5CA       30        8       0
                text5                               744      744       1F        8       0
                text4                               F84      F84        3     1F08       0
                text3                               F87      F87        7     1F0E       0
                text2                               FB0      FB0        F     1F60       0
                text1                               629      629       2E        8       0
                maintext                            FBF      FBF        F     1F7E       0
                cstackBANK0                          20       20       27       20       1
                cstackCOMMON                         70       70        E       70       1
                cstackBANK1                          A0       A0       31       A0       1
                clrtext                             7F7      7F7        8        8       0
                bssBANK2                            120      120       28      120       1
                bssBANK1                             D1       D1        1       A0       1
                dataBANK0                            4F       4F        2       20       1
                bssBANK0                             47       47        8       20       1
                strings                             800      800        E     1000       0
                idataBANK0                            2        2        2        0       0

TOTAL           Name                               Link     Load   Length     Space
        CLASS   STACK          

        CLASS   CONST          

        CLASS   CODE           
                end_init                             11       11        2         0
                cinit                                13       13       1D         0
                intentry                              4        4        D         0
                reset_vec                             0        0        2         0
                text40                              2E6      2E6       5D         0
                text39                              431      431       4D         0
                text38                              4BE      4BE       3E         0
                text37                              532      532       34         0
                text36                              211      211       78         0
                text35                               30       30       DC         0
                text34                              FE6      FE6       1A         0
                text33                              FCE      FCE       18         0
                text32                              6B1      6B1       28         0
                text31                              3E2      3E2       4F         0
                text30                              7BE      7BE       1D         0
                text29                              566      566       33         0
                text28                              6FF      6FF       24         0
                text27                              7DB      7DB       1C         0
                text26                              5FA      5FA       2F         0
                text25                              763      763       1F         0
                text24                              FA6      FA6        A         0
                text23                              F8E      F8E        8         0
                text22                              343      343       50         0
                text21                              393      393       4F         0
                text20                              657      657       2E         0
                text19                              7A0      7A0       1E         0
                text18                              685      685       2C         0
                text17                              289      289       5D         0
                text16                              723      723       21         0
                text15                              6D9      6D9       26         0
                text14                              782      782       1E         0
                text13                              47E      47E       40         0
                text12                              4FC      4FC       36         0
                text11                              199      199       78         0
                text10                              599      599       31         0
                text9                               10C      10C       8D         0
                text8                               F96      F96        8         0
                text7                               F9E      F9E        8         0
                text6                               5CA      5CA       30         0
                text5                               744      744       1F         0
                text4                               F84      F84        3         0
                text3                               F87      F87        7         0
                text2                               FB0      FB0        F         0
                text1                               629      629       2E         0
                maintext                            FBF      FBF        F         0
                clrtext                             7F7      7F7        8         0
                idataBANK0                            2        2        2         0

        CLASS   STRCODE        

        CLASS   ENTRY          

        CLASS   STRING         
                strings                             800      800        E         0

        CLASS   COMMON         
                cstackCOMMON                         70       70        E         1

        CLASS   BANK0          
                cstackBANK0                          20       20       27         1
                dataBANK0                            4F       4F        2         1
                bssBANK0                             47       47        8         1

        CLASS   BANK1          
                cstackBANK1                          A0       A0       31         1
                bssBANK1                             D1       D1        1         1

        CLASS   BANK2          
                bssBANK2                            120      120       28         1

        CLASS   RAM            

        CLASS   ABS1           
                abs_s1                               7E       7E        2         1

        CLASS   SFR0           

        CLASS   SFR1           

        CLASS   SFR2           

        CLASS   SFR3           

        CLASS   CONFIG         
                config                             2007     2007        1         0

        CLASS   IDLOC          

        CLASS   EEDATA         

        CLASS   BANK3          



SEGMENTS        Name                           Load    Length   Top    Selector   Space  Class     Delta

                reset_vec                      000000  000004  000004         0       0  CODE        2
                intentry                       000004  0007FB  0007FF         8       0  CODE        2
                cstackBANK0                    000020  000031  000051        20       1  BANK0       1
                cstackCOMMON                   000070  00000E  00007E        70       1  COMMON      1
                cstackBANK1                    0000A0  000032  0000D2        A0       1  BANK1       1
                bssBANK2                       000120  000028  000148       120       1  BANK2       1
                strings                        000800  00000E  00080E      1000       0  STRING      2
                text4                          000F84  000003  000F87      1F08       0  CODE        2
                text3                          000F87  000007  000F8E      1F0E       0  CODE        2
                text23                         000F8E  000008  000F96      1F1C       0  CODE        2
                text8                          000F96  000008  000F9E      1F2C       0  CODE        2
                text7                          000F9E  000008  000FA6      1F3C       0  CODE        2
                text24                         000FA6  00000A  000FB0      1F4C       0  CODE        2
                text2                          000FB0  00000F  000FBF      1F60       0  CODE        2
                maintext                       000FBF  00000F  000FCE      1F7E       0  CODE        2
                text33                         000FCE  000018  000FE6      1F9C       0  CODE        2
                text34                         000FE6  00001A  001000      1FCC       0  CODE        2
                config                         002007  000001  002008      400E       0  CONFIG      2


UNUSED ADDRESS RANGES

        Name                Unused          Largest block    Delta
        BANK0            0051-006F             1F           1
        BANK1            00D2-00EF             1E           1
        BANK2            0148-016F             28           1
        CODE             07FF-07FF              1           2
                         080E-0F83            776
        CONST            07FF-07FF              1           2
                         080E-0F83            100
        EEDATA           2100-21FF            100           2
        ENTRY            07FF-07FF              1           2
                         080E-0F83            100
        IDLOC            2000-2003              4           2
        RAM              0051-006F             1F           1
                         00D2-00EF             1E
                         0148-016F             28
        SFR0             0000-001F             20           1
        SFR1             0080-009F             20           1
        SFR2             0100-011F             20           1
        SFR3             0180-01EF             70           1
        STACK            0148-016F             28           1
        STRCODE          07FF-07FF              1           2
                         080E-0F83            776
        STRING           07FF-07FF              1           2
                         080E-0F83            100

                                  Symbol Table

?___awdiv                                 cstackCOMMON 0077
?___awmod                                 cstackBANK1  00A0
?___lwdiv                                 cstackBANK1  00A0
?___lwmod                                 cstackBANK1  00A0
?i1___awmod                               cstackCOMMON 0070
?i1___lwdiv                               cstackCOMMON 0070
?i1___lwmod                               cstackCOMMON 0070
Lcd4_Cmd@a                                cstackBANK1  00A3
Lcd4_Port@a                               cstackBANK1  00A0
Lcd4_Set_Cursor@lCmdLsb                   cstackBANK1  00AB
Lcd4_Set_Cursor@lCmdMsb                   cstackBANK1  00AA
Lcd4_Set_Cursor@ligne                     cstackBANK1  00A9
Lcd4_Set_Cursor@pixel_nb                  cstackBANK1  00A4
Lcd4_Write_Char@a                         cstackBANK1  00A5
Lcd4_Write_Char@temp                      cstackBANK1  00A3
Lcd4_Write_Char@y                         cstackBANK1  00A4
Lcd4_Write_String@a                       cstackBANK1  00A9
Lcd4_Write_String@i                       cstackBANK1  00A7
_ANSEL                                    (abs)        011E
_ANSELH                                   (abs)        011F
_BAUDCTLbits                              (abs)        009B
_ConfigureOscillator                      text8        0F96
_INTCONbits                               (abs)        000B
_IOCA0                                    (abs)        04B0
_Lcd4_Clear                               text7        0F9E
_Lcd4_Cmd                                 text19       07A0
_Lcd4_Init                                text6        05CA
_Lcd4_Port                                text20       0657
_Lcd4_Set_Cursor                          text18       0685
_Lcd4_Write_Char                          text17       0289
_Lcd4_Write_String                        text16       0723
_OPTION_REGbits                           (abs)        0081
_OSCCONbits                               (abs)        008F
_PIE1bits                                 (abs)        008C
_PIR1bits                                 (abs)        000C
_PORTA                                    (abs)        0005
_PORTB                                    (abs)        0006
_PORTC                                    (abs)        0007
_PR2                                      (abs)        0092
_RA0                                      (abs)        0028
_RA2                                      (abs)        002A
_RABIE                                    (abs)        005B
_RABIF                                    (abs)        0058
_RB4                                      (abs)        0034
_RB6                                      (abs)        0036
_RC0                                      (abs)        0038
_RC2                                      (abs)        003A
_RC3                                      (abs)        003B
_RC6                                      (abs)        003E
_RCIF                                     (abs)        0065
_RCREG                                    (abs)        001A
_RCSTAbits                                (abs)        0018
_SPBRG                                    (abs)        0099
_SPBRGH                                   (abs)        009A
_T1CONbits                                (abs)        0010
_T2CONbits                                (abs)        0012
_TMR0                                     (abs)        0001
_TMR1                                     (abs)        000E
_TMR1IF                                   (abs)        0060
_TMR2IF                                   (abs)        0061
_TMR2ON                                   (abs)        0092
_TRISA                                    (abs)        0085
_TRISB                                    (abs)        0086
_TRISBbits                                (abs)        0086
_TRISC                                    (abs)        0087
_TXIF                                     (abs)        0064
_TXREG                                    (abs)        0019
_TXSTAbits                                (abs)        0098
__CFG_BOREN$ON                            (abs)        0000
__CFG_CP$OFF                              (abs)        0000
__CFG_CPD$OFF                             (abs)        0000
__CFG_FCMEN$ON                            (abs)        0000
__CFG_FOSC$INTRCCLK                       (abs)        0000
__CFG_IESO$ON                             (abs)        0000
__CFG_MCLRE$ON                            (abs)        0000
__CFG_PWRTE$OFF                           (abs)        0000
__CFG_WDTE$OFF                            (abs)        0000
__Habs1                                   abs1         0000
__Hbank0                                  bank0        0000
__Hbank1                                  bank1        0000
__Hbank2                                  bank2        0000
__Hbank3                                  bank3        0000
__HbssBANK0                               bssBANK0     0000
__HbssBANK1                               bssBANK1     0000
__HbssBANK2                               bssBANK2     0000
__Hcinit                                  cinit        0030
__Hclrtext                                clrtext      0000
__Hcode                                   code         0000
__Hcommon                                 common       0000
__Hconfig                                 config       2008
__HcstackBANK0                            cstackBANK0  0000
__HcstackBANK1                            cstackBANK1  0000
__HcstackCOMMON                           cstackCOMMON 0000
__HdataBANK0                              dataBANK0    0000
__Heeprom_data                            eeprom_data  0000
__Hend_init                               end_init     0013
__Hfunctab                                functab      0000
__HidataBANK0                             idataBANK0   0000
__Hidloc                                  idloc        0000
__Hinit                                   init         0011
__Hintentry                               intentry     0011
__Hmaintext                               maintext     0000
__Hpowerup                                powerup      0000
__Hram                                    ram          0000
__Hreset_vec                              reset_vec    0002
__Hsfr0                                   sfr0         0000
__Hsfr1                                   sfr1         0000
__Hsfr2                                   sfr2         0000
__Hsfr3                                   sfr3         0000
__Hspace_0                                (abs)        2008
__Hspace_1                                (abs)        0148
__Hspace_2                                (abs)        0000
__Hspace_3                                (abs)        0000
__Hstack                                  stack        0000
__Hstrings                                strings      0000
__Htext                                   text         0000
__Labs1                                   abs1         0000
__Lbank0                                  bank0        0000
__Lbank1                                  bank1        0000
__Lbank2                                  bank2        0000
__Lbank3                                  bank3        0000
__LbssBANK0                               bssBANK0     0000
__LbssBANK1                               bssBANK1     0000
__LbssBANK2                               bssBANK2     0000
__Lcinit                                  cinit        0013
__Lclrtext                                clrtext      0000
__Lcode                                   code         0000
__Lcommon                                 common       0000
__Lconfig                                 config       2007
__LcstackBANK0                            cstackBANK0  0000
__LcstackBANK1                            cstackBANK1  0000
__LcstackCOMMON                           cstackCOMMON 0000
__LdataBANK0                              dataBANK0    0000
__Leeprom_data                            eeprom_data  0000
__Lend_init                               end_init     0011
__Lfunctab                                functab      0000
__LidataBANK0                             idataBANK0   0000
__Lidloc                                  idloc        0000
__Linit                                   init         0011
__Lintentry                               intentry     0004
__Lmaintext                               maintext     0000
__Lpowerup                                powerup      0000
__Lram                                    ram          0000
__Lreset_vec                              reset_vec    0000
__Lsfr0                                   sfr0         0000
__Lsfr1                                   sfr1         0000
__Lsfr2                                   sfr2         0000
__Lsfr3                                   sfr3         0000
__Lspace_0                                (abs)        0000
__Lspace_1                                (abs)        0000
__Lspace_2                                (abs)        0000
__Lspace_3                                (abs)        0000
__Lstack                                  stack        0000
__Lstrings                                strings      0000
__Ltext                                   text         0000
__S0                                      (abs)        2008
__S1                                      (abs)        0148
__S2                                      (abs)        0000
__S3                                      (abs)        0000
___awdiv                                  text40       02E6
___awdiv@counter                          cstackBANK0  0020
___awdiv@dividend                         cstackCOMMON 0079
___awdiv@divisor                          cstackCOMMON 0077
___awdiv@quotient                         cstackBANK0  0022
___awdiv@sign                             cstackBANK0  0021
___awmod                                  text21       0393
___awmod@counter                          cstackBANK1  00A5
___awmod@dividend                         cstackBANK1  00A2
___awmod@divisor                          cstackBANK1  00A0
___awmod@sign                             cstackBANK1  00A6
___int_sp                                 stack        0000
___latbits                                (abs)        0001
___lwdiv                                  text13       047E
___lwdiv@counter                          cstackBANK1  00A5
___lwdiv@dividend                         cstackBANK1  00A2
___lwdiv@divisor                          cstackBANK1  00A0
___lwdiv@quotient                         cstackBANK1  00A6
___lwmod                                  text12       04FC
___lwmod@counter                          cstackBANK1  00A5
___lwmod@dividend                         cstackBANK1  00A2
___lwmod@divisor                          cstackBANK1  00A0
___sp                                     stack        0000
__end_of_ConfigureOscillator              text8        0F9E
__end_of_Lcd4_Clear                       text7        0FA6
__end_of_Lcd4_Cmd                         text19       07BE
__end_of_Lcd4_Init                        text6        05FA
__end_of_Lcd4_Port                        text20       0685
__end_of_Lcd4_Set_Cursor                  text18       06B1
__end_of_Lcd4_Write_Char                  text17       02E6
__end_of_Lcd4_Write_String                text16       0744
__end_of___awdiv                          text40       0343
__end_of___awmod                          text21       03E2
__end_of___lwdiv                          text13       04BE
__end_of___lwmod                          text12       0532
__end_of__initialization                  cinit        002D
__end_of__stringdata                      strings      080E
__end_of__stringtab                       strings      0806
__end_of_display_player_nbr               text10       05CA
__end_of_game_phase                       text29       0599
__end_of_initUart                         text5        0763
__end_of_init_interrupt                   text4        0F87
__end_of_init_timer_0                     text3        0F8E
__end_of_init_timer_2                     text2        0FBF
__end_of_initiate_game                    text9        0199
__end_of_isr                              text22       0393
__end_of_main                             maintext     0FCE
__end_of_strcat                           text15       06FF
__end_of_strcpy                           text14       07A0
__end_of_switch_player                    text25       0782
__end_of_system_init                      text1        0657
__end_of_time_shapping                    text35       010C
__end_of_uart_getc                        text24       0FB0
__end_of_uart_putc                        text23       0F96
__end_of_utoa                             text11       0211
__end_ofi1_Lcd4_Cmd                       text33       0FE6
__end_ofi1_Lcd4_Port                      text34       1000
__end_ofi1_Lcd4_Set_Cursor                text32       06D9
__end_ofi1_Lcd4_Write_Char                text31       0431
__end_ofi1_Lcd4_Write_String              text30       07DB
__end_ofi1___awmod                        text39       047E
__end_ofi1___lwdiv                        text38       04FC
__end_ofi1___lwmod                        text37       0566
__end_ofi1_display_player_nbr             text26       0629
__end_ofi1_strcat                         text28       0723
__end_ofi1_strcpy                         text27       07F7
__end_ofi1_utoa                           text36       0289
__initialization                          cinit        0013
__pbssBANK0                               bssBANK0     0047
__pbssBANK1                               bssBANK1     00D1
__pbssBANK2                               bssBANK2     0120
__pcstackBANK0                            cstackBANK0  0020
__pcstackBANK1                            cstackBANK1  00A0
__pcstackCOMMON                           cstackCOMMON 0070
__pdataBANK0                              dataBANK0    004F
__pidataBANK0                             idataBANK0   0002
__pintentry                               intentry     0004
__pmaintext                               maintext     0FBF
__pstrings                                strings      0800
__ptext1                                  text1        0629
__ptext10                                 text10       0599
__ptext11                                 text11       0199
__ptext12                                 text12       04FC
__ptext13                                 text13       047E
__ptext14                                 text14       0782
__ptext15                                 text15       06D9
__ptext16                                 text16       0723
__ptext17                                 text17       0289
__ptext18                                 text18       0685
__ptext19                                 text19       07A0
__ptext2                                  text2        0FB0
__ptext20                                 text20       0657
__ptext21                                 text21       0393
__ptext22                                 text22       0343
__ptext23                                 text23       0F8E
__ptext24                                 text24       0FA6
__ptext25                                 text25       0763
__ptext26                                 text26       05FA
__ptext27                                 text27       07DB
__ptext28                                 text28       06FF
__ptext29                                 text29       0566
__ptext3                                  text3        0F87
__ptext30                                 text30       07BE
__ptext31                                 text31       03E2
__ptext32                                 text32       06B1
__ptext33                                 text33       0FCE
__ptext34                                 text34       0FE6
__ptext35                                 text35       0030
__ptext36                                 text36       0211
__ptext37                                 text37       0532
__ptext38                                 text38       04BE
__ptext39                                 text39       0431
__ptext4                                  text4        0F84
__ptext40                                 text40       02E6
__ptext5                                  text5        0744
__ptext6                                  text6        05CA
__ptext7                                  text7        0F9E
__ptext8                                  text8        0F96
__ptext9                                  text9        010C
__size_of_ConfigureOscillator             (abs)        0000
__size_of_Lcd4_Clear                      (abs)        0000
__size_of_Lcd4_Cmd                        (abs)        0000
__size_of_Lcd4_Init                       (abs)        0000
__size_of_Lcd4_Port                       (abs)        0000
__size_of_Lcd4_Set_Cursor                 (abs)        0000
__size_of_Lcd4_Write_Char                 (abs)        0000
__size_of_Lcd4_Write_String               (abs)        0000
__size_of___awdiv                         (abs)        0000
__size_of___awmod                         (abs)        0000
__size_of___lwdiv                         (abs)        0000
__size_of___lwmod                         (abs)        0000
__size_of_display_player_nbr              (abs)        0000
__size_of_game_phase                      (abs)        0000
__size_of_initUart                        (abs)        0000
__size_of_init_interrupt                  (abs)        0000
__size_of_init_timer_0                    (abs)        0000
__size_of_init_timer_2                    (abs)        0000
__size_of_initiate_game                   (abs)        0000
__size_of_isr                             (abs)        0000
__size_of_main                            (abs)        0000
__size_of_strcat                          (abs)        0000
__size_of_strcpy                          (abs)        0000
__size_of_switch_player                   (abs)        0000
__size_of_system_init                     (abs)        0000
__size_of_time_shapping                   (abs)        0000
__size_of_uart_getc                       (abs)        0000
__size_of_uart_putc                       (abs)        0000
__size_of_utoa                            (abs)        0000
__size_ofi1_Lcd4_Cmd                      (abs)        0000
__size_ofi1_Lcd4_Port                     (abs)        0000
__size_ofi1_Lcd4_Set_Cursor               (abs)        0000
__size_ofi1_Lcd4_Write_Char               (abs)        0000
__size_ofi1_Lcd4_Write_String             (abs)        0000
__size_ofi1___awmod                       (abs)        0000
__size_ofi1___lwdiv                       (abs)        0000
__size_ofi1___lwmod                       (abs)        0000
__size_ofi1_display_player_nbr            (abs)        0000
__size_ofi1_strcat                        (abs)        0000
__size_ofi1_strcpy                        (abs)        0000
__size_ofi1_utoa                          (abs)        0000
__stringbase                              strings      0805
__stringdata                              strings      0806
__stringtab                               strings      0800
_display_player_nbr                       text10       0599
_elapsed_time                             bssBANK0     0047
_game_phase                               text29       0566
_gcurrent_player                          bssBANK1     00D1
_ggame_time                               bssBANK0     0049
_glog_level                               dataBANK0    004F
_gtype_of_game                            dataBANK0    0050
_initUart                                 text5        0744
_init_interrupt                           text4        0F84
_init_timer_0                             text3        0F87
_init_timer_2                             text2        0FB0
_initiate_game                            text9        010C
_isr                                      text22       0343
_main                                     maintext     0FBF
_player_array                             bssBANK2     0120
_strcat                                   text15       06D9
_strcpy                                   text14       0782
_switch_player                            text25       0763
_system_init                              text1        0629
_time_shapping                            text35       0030
_timer1_tick_nbr                          bssBANK0     004B
_timer2_tick_nbr                          bssBANK0     004D
_uart_getc                                text24       0FA6
_uart_putc                                text23       0F8E
_utoa                                     text11       0199
btemp                                     (abs)        007E
clear_ram0                                clrtext      07F7
display_player_nbr@player_number          cstackBANK1  00C3
display_player_nbr@string                 cstackBANK1  00B3
display_player_nbr@string_player_number   cstackBANK1  00C4
end_of_initialization                     cinit        002D
game_phase@remaining_time                 cstackBANK0  003E
game_phase@time_str                       cstackBANK0  0035
i1Lcd4_Cmd@a                              cstackCOMMON 0073
i1Lcd4_Port@a                             cstackCOMMON 0070
i1Lcd4_Set_Cursor@lCmdLsb                 cstackCOMMON 007B
i1Lcd4_Set_Cursor@lCmdMsb                 cstackCOMMON 007A
i1Lcd4_Set_Cursor@ligne                   cstackCOMMON 0079
i1Lcd4_Set_Cursor@pixel_nb                cstackCOMMON 0074
i1Lcd4_Write_Char@a                       cstackCOMMON 0075
i1Lcd4_Write_Char@temp                    cstackCOMMON 0073
i1Lcd4_Write_Char@y                       cstackCOMMON 0074
i1Lcd4_Write_String@a                     cstackCOMMON 0077
i1Lcd4_Write_String@i                     cstackCOMMON 0078
i1_Lcd4_Cmd                               text33       0FCE
i1_Lcd4_Port                              text34       0FE6
i1_Lcd4_Set_Cursor                        text32       06B1
i1_Lcd4_Write_Char                        text31       03E2
i1_Lcd4_Write_String                      text30       07BE
i1___awmod                                text39       0431
i1___awmod@counter                        cstackCOMMON 0075
i1___awmod@dividend                       cstackCOMMON 0072
i1___awmod@divisor                        cstackCOMMON 0070
i1___awmod@sign                           cstackCOMMON 0076
i1___lwdiv                                text38       04BE
i1___lwdiv@counter                        cstackCOMMON 0077
i1___lwdiv@dividend                       cstackCOMMON 0072
i1___lwdiv@divisor                        cstackCOMMON 0070
i1___lwdiv@quotient                       cstackCOMMON 0075
i1___lwmod                                text37       0532
i1___lwmod@counter                        cstackCOMMON 0075
i1___lwmod@dividend                       cstackCOMMON 0072
i1___lwmod@divisor                        cstackCOMMON 0070
i1_display_player_nbr                     text26       05FA
i1_strcat                                 text28       06FF
i1_strcpy                                 text27       07DB
i1_utoa                                   text36       0211
i1display_player_nbr@player_number        cstackBANK0  0038
i1display_player_nbr@string               cstackBANK0  0026
i1display_player_nbr@string_player_number cstackBANK0  0036
i1strcat@cp                               cstackCOMMON 0073
i1strcat@from                             cstackCOMMON 0070
i1strcat@to                               cstackCOMMON 0072
i1strcpy@cp                               cstackCOMMON 0073
i1strcpy@from                             cstackCOMMON 0070
i1strcpy@to                               cstackCOMMON 0072
i1utoa@base                               cstackCOMMON 007A
i1utoa@buf                                cstackBANK0  0023
i1utoa@c                                  cstackBANK0  0022
i1utoa@v                                  cstackBANK0  0020
i1utoa@val                                cstackCOMMON 0078
initiate_game@game_time                   cstackBANK1  00C7
initiate_game@i                           cstackBANK1  00CF
initiate_game@player_nb                   cstackBANK1  00CE
initiate_game@type_of_game                cstackBANK1  00C6
interrupt_function                        intentry     0004
intlevel0                                 functab      0000
intlevel1                                 functab      0000
intlevel2                                 functab      0000
intlevel3                                 functab      0000
intlevel4                                 functab      0000
intlevel5                                 functab      0000
ltemp                                     (abs)        007E
ltemp0                                    (abs)        007E
ltemp1                                    (abs)        0082
ltemp2                                    (abs)        0086
ltemp3                                    (abs)        0080
reset_vec                                 reset_vec    0000
saved_w                                   (abs)        007E
stackhi                                   (abs)        0000
stacklo                                   (abs)        0000
start                                     init         0011
start_initialization                      cinit        0013
strcat@cp                                 cstackBANK1  00A3
strcat@from                               cstackBANK1  00A0
strcat@to                                 cstackBANK1  00A2
strcpy@cp                                 cstackBANK1  00A3
strcpy@from                               cstackBANK1  00A0
strcpy@to                                 cstackBANK1  00A2
time_shapping@buffer                      cstackBANK0  0032
time_shapping@hours                       cstackBANK0  002A
time_shapping@hours_buf                   cstackBANK0  0030
time_shapping@minutes                     cstackBANK0  0028
time_shapping@minutes_buf                 cstackBANK0  002E
time_shapping@secondes                    cstackBANK0  0026
time_shapping@secondes_buf                cstackBANK0  002C
time_shapping@time                        cstackBANK0  0024
ttemp                                     (abs)        007E
ttemp0                                    (abs)        007E
ttemp1                                    (abs)        0081
ttemp2                                    (abs)        0084
ttemp3                                    (abs)        0087
ttemp4                                    (abs)        007F
uart_putc@data                            cstackCOMMON 0070
utoa@base                                 cstackBANK1  00AA
utoa@buf                                  cstackBANK1  00B0
utoa@c                                    cstackBANK1  00AF
utoa@v                                    cstackBANK1  00AD
utoa@val                                  cstackBANK1  00A8
wtemp                                     (abs)        007E
wtemp0                                    (abs)        007E
wtemp1                                    (abs)        0080
wtemp2                                    (abs)        0082
wtemp3                                    (abs)        0084
wtemp4                                    (abs)        0086
wtemp5                                    (abs)        0088
wtemp6                                    (abs)        007F


FUNCTION INFORMATION:

 *************** function _main *****************
 Defined at:
		line 31 in file "main.c"
 Parameters:    Size  Location     Type
		None
 Auto vars:     Size  Location     Type
		None
 Return value:  Size  Location     Type
		None               void
 Registers used:
		wreg, fsr0l, fsr0h, status,2, status,0, pclath, cstack
 Tracked objects:
		On entry : 
		On exit  : 
		Unchanged: 
 Data sizes:     COMMON   BANK0   BANK1   BANK2
      Params:         0       0       0       0
      Locals:         0       0       0       0
      Temps:          0       0       0       0
      Totals:         0       0       0       0
Total ram usage:        0 bytes
 Hardware stack levels required when called:   11
 This function calls:
		_initiate_game
		_system_init
 This function is called by:
		Startup code after reset
 This function uses a non-reentrant model


 *************** function _system_init *****************
 Defined at:
		line 48 in file "system.c"
 Parameters:    Size  Location     Type
		None
 Auto vars:     Size  Location     Type
		None
 Return value:  Size  Location     Type
		None               void
 Registers used:
		wreg, status,2, status,0, pclath, cstack
 Tracked objects:
		On entry : 
		On exit  : 
		Unchanged: 
 Data sizes:     COMMON   BANK0   BANK1   BANK2
      Params:         0       0       0       0
      Locals:         0       0       0       0
      Temps:          0       0       3       0
      Totals:         0       0       3       0
Total ram usage:        3 bytes
 Hardware stack levels used:    1
 Hardware stack levels required when called:   10
 This function calls:
		_ConfigureOscillator
		_Lcd4_Init
		_initUart
		_init_interrupt
		_init_timer_0
		_init_timer_2
 This function is called by:
		_main
 This function uses a non-reentrant model


 *************** function _init_timer_2 *****************
 Defined at:
		line 57 in file "timer.c"
 Parameters:    Size  Location     Type
		None
 Auto vars:     Size  Location     Type
		None
 Return value:  Size  Location     Type
		None               void
 Registers used:
		wreg, status,2, status,0
 Tracked objects:
		On entry : 
		On exit  : 
		Unchanged: 
 Data sizes:     COMMON   BANK0   BANK1   BANK2
      Params:         0       0       0       0
      Locals:         0       0       0       0
      Temps:          0       0       0       0
      Totals:         0       0       0       0
Total ram usage:        0 bytes
 Hardware stack levels used:    1
 Hardware stack levels required when called:    6
 This function calls:
		Nothing
 This function is called by:
		_system_init
 This function uses a non-reentrant model


 *************** function _init_timer_0 *****************
 Defined at:
		line 10 in file "timer.c"
 Parameters:    Size  Location     Type
		None
 Auto vars:     Size  Location     Type
		None
 Return value:  Size  Location     Type
		None               void
 Registers used:
		wreg, status,2, status,0
 Tracked objects:
		On entry : 
		On exit  : 
		Unchanged: 
 Data sizes:     COMMON   BANK0   BANK1   BANK2
      Params:         0       0       0       0
      Locals:         0       0       0       0
      Temps:          0       0       0       0
      Totals:         0       0       0       0
Total ram usage:        0 bytes
 Hardware stack levels used:    1
 Hardware stack levels required when called:    6
 This function calls:
		Nothing
 This function is called by:
		_system_init
 This function uses a non-reentrant model


 *************** function _init_interrupt *****************
 Defined at:
		line 37 in file "interrupts.c"
 Parameters:    Size  Location     Type
		None
 Auto vars:     Size  Location     Type
		None
 Return value:  Size  Location     Type
		None               void
 Registers used:
		None
 Tracked objects:
		On entry : 
		On exit  : 
		Unchanged: 
 Data sizes:     COMMON   BANK0   BANK1   BANK2
      Params:         0       0       0       0
      Locals:         0       0       0       0
      Temps:          0       0       0       0
      Totals:         0       0       0       0
Total ram usage:        0 bytes
 Hardware stack levels used:    1
 Hardware stack levels required when called:    6
 This function calls:
		Nothing
 This function is called by:
		_system_init
 This function uses a non-reentrant model


 *************** function _initUart *****************
 Defined at:
		line 25 in file "UART.c"
 Parameters:    Size  Location     Type
		None
 Auto vars:     Size  Location     Type
		None
 Return value:  Size  Location     Type
		None               void
 Registers used:
		wreg, status,2
 Tracked objects:
		On entry : 
		On exit  : 
		Unchanged: 
 Data sizes:     COMMON   BANK0   BANK1   BANK2
      Params:         0       0       0       0
      Locals:         0       0       0       0
      Temps:          0       0       0       0
      Totals:         0       0       0       0
Total ram usage:        0 bytes
 Hardware stack levels used:    1
 Hardware stack levels required when called:    6
 This function calls:
		Nothing
 This function is called by:
		_system_init
 This function uses a non-reentrant model


 *************** function _Lcd4_Init *****************
 Defined at:
		line 57 in file "LCD_screen.c"
 Parameters:    Size  Location     Type
		None
 Auto vars:     Size  Location     Type
		None
 Return value:  Size  Location     Type
		None               void
 Registers used:
		wreg, status,2, status,0, pclath, cstack
 Tracked objects:
		On entry : 
		On exit  : 
		Unchanged: 
 Data sizes:     COMMON   BANK0   BANK1   BANK2
      Params:         0       0       0       0
      Locals:         0       0       0       0
      Temps:          0       0       2       0
      Totals:         0       0       2       0
Total ram usage:        2 bytes
 Hardware stack levels used:    1
 Hardware stack levels required when called:    9
 This function calls:
		_Lcd4_Clear
		_Lcd4_Cmd
 This function is called by:
		_system_init
 This function uses a non-reentrant model


 *************** function _Lcd4_Clear *****************
 Defined at:
		line 42 in file "LCD_screen.c"
 Parameters:    Size  Location     Type
		None
 Auto vars:     Size  Location     Type
		None
 Return value:  Size  Location     Type
                  2  274[COMMON] int 
 Registers used:
		wreg, status,2, status,0, pclath, cstack
 Tracked objects:
		On entry : 
		On exit  : 
		Unchanged: 
 Data sizes:     COMMON   BANK0   BANK1   BANK2
      Params:         0       0       0       0
      Locals:         0       0       0       0
      Temps:          0       0       0       0
      Totals:         0       0       0       0
Total ram usage:        0 bytes
 Hardware stack levels used:    1
 Hardware stack levels required when called:    8
 This function calls:
		_Lcd4_Cmd
 This function is called by:
		_Lcd4_Init
 This function uses a non-reentrant model


 *************** function _ConfigureOscillator *****************
 Defined at:
		line 32 in file "system.c"
 Parameters:    Size  Location     Type
		None
 Auto vars:     Size  Location     Type
		None
 Return value:  Size  Location     Type
		None               void
 Registers used:
		wreg, status,2, status,0
 Tracked objects:
		On entry : 
		On exit  : 
		Unchanged: 
 Data sizes:     COMMON   BANK0   BANK1   BANK2
      Params:         0       0       0       0
      Locals:         0       0       0       0
      Temps:          0       0       0       0
      Totals:         0       0       0       0
Total ram usage:        0 bytes
 Hardware stack levels used:    1
 Hardware stack levels required when called:    6
 This function calls:
		Nothing
 This function is called by:
		_system_init
 This function uses a non-reentrant model


 *************** function _initiate_game *****************
 Defined at:
		line 9 in file "game_timer/src/game_timer.c"
 Parameters:    Size  Location     Type
  player_nb       1    wreg     unsigned char 
  type_of_game    1   38[BANK1 ] enum E271
  game_time       2   39[BANK1 ] unsigned int 
 Auto vars:     Size  Location     Type
  player_nb       1   46[BANK1 ] unsigned char 
  i               2   47[BANK1 ] int 
 Return value:  Size  Location     Type
                  2   38[BANK1 ] int 
 Registers used:
		wreg, fsr0l, fsr0h, status,2, status,0, pclath, cstack
 Tracked objects:
		On entry : 
		On exit  : 
		Unchanged: 
 Data sizes:     COMMON   BANK0   BANK1   BANK2
      Params:         0       0       3       0
      Locals:         0       0       3       0
      Temps:          0       0       5       0
      Totals:         0       0      11       0
Total ram usage:       11 bytes
 Hardware stack levels used:    1
 Hardware stack levels required when called:   10
 This function calls:
		___awmod
		_display_player_nbr
 This function is called by:
		_main
 This function uses a non-reentrant model


 *************** function _display_player_nbr *****************
 Defined at:
		line 61 in file "game_timer/src/game_timer.c"
 Parameters:    Size  Location     Type
  player_numbe    1    wreg     unsigned char 
 Auto vars:     Size  Location     Type
  player_numbe    1   35[BANK1 ] unsigned char 
  string         16   19[BANK1 ] unsigned char [16]
  string_playe    2   36[BANK1 ] unsigned char [2]
 Return value:  Size  Location     Type
		None               void
 Registers used:
		wreg, fsr0l, fsr0h, status,2, status,0, pclath, cstack
 Tracked objects:
		On entry : 
		On exit  : 
		Unchanged: 
 Data sizes:     COMMON   BANK0   BANK1   BANK2
      Params:         0       0       0       0
      Locals:         0       0      19       0
      Temps:          0       0       2       0
      Totals:         0       0      21       0
Total ram usage:       21 bytes
 Hardware stack levels used:    1
 Hardware stack levels required when called:    9
 This function calls:
		_Lcd4_Set_Cursor
		_Lcd4_Write_String
		_strcat
		_strcpy
		_utoa
 This function is called by:
		_initiate_game
 This function uses a non-reentrant model


 *************** function _utoa *****************
 Defined at:
		line 17 in file "D:\CAE_Tools\Microchip\xc8\v1.32\sources\common\itoa.c"
 Parameters:    Size  Location     Type
  buf             1    wreg     PTR unsigned char 
		 -> time_shapping@hours_buf(2), time_shapping@minutes_buf(2), time_shapping@secondes_buf(2), display_player_nbr@string_player_number(2), 
  val             2    8[BANK1 ] unsigned int 
  base            2   10[BANK1 ] int 
 Auto vars:     Size  Location     Type
  buf             1   16[BANK1 ] PTR unsigned char 
		 -> time_shapping@hours_buf(2), time_shapping@minutes_buf(2), time_shapping@secondes_buf(2), display_player_nbr@string_player_number(2), 
  v               2   13[BANK1 ] unsigned int 
  c               1   15[BANK1 ] unsigned char 
 Return value:  Size  Location     Type
                  1    wreg      PTR unsigned char 
 Registers used:
		wreg, fsr0l, fsr0h, status,2, status,0, pclath, cstack
 Tracked objects:
		On entry : 
		On exit  : 
		Unchanged: 
 Data sizes:     COMMON   BANK0   BANK1   BANK2
      Params:         0       0       4       0
      Locals:         0       0       4       0
      Temps:          0       0       1       0
      Totals:         0       0       9       0
Total ram usage:        9 bytes
 Hardware stack levels used:    1
 Hardware stack levels required when called:    7
 This function calls:
		___lwdiv
		___lwmod
 This function is called by:
		_display_player_nbr
 This function uses a non-reentrant model


 *************** function ___lwmod *****************
 Defined at:
		line 6 in file "D:\CAE_Tools\Microchip\xc8\v1.32\sources\common\lwmod.c"
 Parameters:    Size  Location     Type
  divisor         2    0[BANK1 ] unsigned int 
  dividend        2    2[BANK1 ] unsigned int 
 Auto vars:     Size  Location     Type
  counter         1    5[BANK1 ] unsigned char 
 Return value:  Size  Location     Type
                  2    0[BANK1 ] unsigned int 
 Registers used:
		wreg, status,2, status,0
 Tracked objects:
		On entry : 
		On exit  : 
		Unchanged: 
 Data sizes:     COMMON   BANK0   BANK1   BANK2
      Params:         0       0       4       0
      Locals:         0       0       1       0
      Temps:          0       0       1       0
      Totals:         0       0       6       0
Total ram usage:        6 bytes
 Hardware stack levels used:    1
 Hardware stack levels required when called:    6
 This function calls:
		Nothing
 This function is called by:
		_utoa
 This function uses a non-reentrant model


 *************** function ___lwdiv *****************
 Defined at:
		line 6 in file "D:\CAE_Tools\Microchip\xc8\v1.32\sources\common\lwdiv.c"
 Parameters:    Size  Location     Type
  divisor         2    0[BANK1 ] unsigned int 
  dividend        2    2[BANK1 ] unsigned int 
 Auto vars:     Size  Location     Type
  quotient        2    6[BANK1 ] unsigned int 
  counter         1    5[BANK1 ] unsigned char 
 Return value:  Size  Location     Type
                  2    0[BANK1 ] unsigned int 
 Registers used:
		wreg, status,2, status,0
 Tracked objects:
		On entry : 
		On exit  : 
		Unchanged: 
 Data sizes:     COMMON   BANK0   BANK1   BANK2
      Params:         0       0       4       0
      Locals:         0       0       3       0
      Temps:          0       0       1       0
      Totals:         0       0       8       0
Total ram usage:        8 bytes
 Hardware stack levels used:    1
 Hardware stack levels required when called:    6
 This function calls:
		Nothing
 This function is called by:
		_utoa
 This function uses a non-reentrant model


 *************** function _strcpy *****************
 Defined at:
		line 8 in file "D:\CAE_Tools\Microchip\xc8\v1.32\sources\common\strcpy.c"
 Parameters:    Size  Location     Type
  to              1    wreg     PTR unsigned char 
		 -> display_player_nbr@string(16), 
  from            1    0[BANK1 ] PTR const unsigned char 
		 -> STR_1(8), 
 Auto vars:     Size  Location     Type
  to              1    2[BANK1 ] PTR unsigned char 
		 -> display_player_nbr@string(16), 
  cp              1    3[BANK1 ] PTR unsigned char 
		 -> display_player_nbr@string(16), 
 Return value:  Size  Location     Type
                  1    wreg      PTR unsigned char 
 Registers used:
		wreg, fsr0l, fsr0h, status,2, status,0, pclath
 Tracked objects:
		On entry : 
		On exit  : 
		Unchanged: 
 Data sizes:     COMMON   BANK0   BANK1   BANK2
      Params:         0       0       1       0
      Locals:         0       0       2       0
      Temps:          0       0       1       0
      Totals:         0       0       4       0
Total ram usage:        4 bytes
 Hardware stack levels used:    1
 Hardware stack levels required when called:    6
 This function calls:
		Nothing
 This function is called by:
		_display_player_nbr
 This function uses a non-reentrant model


 *************** function _strcat *****************
 Defined at:
		line 8 in file "D:\CAE_Tools\Microchip\xc8\v1.32\sources\common\strcat.c"
 Parameters:    Size  Location     Type
  to              1    wreg     PTR unsigned char 
		 -> display_player_nbr@string(16), 
  from            1    0[BANK1 ] PTR const unsigned char 
		 -> display_player_nbr@string_player_number(2), 
 Auto vars:     Size  Location     Type
  to              1    2[BANK1 ] PTR unsigned char 
		 -> display_player_nbr@string(16), 
  cp              1    3[BANK1 ] PTR unsigned char 
		 -> display_player_nbr@string(16), 
 Return value:  Size  Location     Type
                  1    wreg      PTR unsigned char 
 Registers used:
		wreg, fsr0l, fsr0h, status,2, status,0
 Tracked objects:
		On entry : 
		On exit  : 
		Unchanged: 
 Data sizes:     COMMON   BANK0   BANK1   BANK2
      Params:         0       0       1       0
      Locals:         0       0       2       0
      Temps:          0       0       1       0
      Totals:         0       0       4       0
Total ram usage:        4 bytes
 Hardware stack levels used:    1
 Hardware stack levels required when called:    6
 This function calls:
		Nothing
 This function is called by:
		_display_player_nbr
 This function uses a non-reentrant model


 *************** function _Lcd4_Write_String *****************
 Defined at:
		line 101 in file "LCD_screen.c"
 Parameters:    Size  Location     Type
  a               1    wreg     PTR unsigned char 
		 -> display_player_nbr@string(16), game_phase@time_str(9), 
 Auto vars:     Size  Location     Type
  a               1    9[BANK1 ] PTR unsigned char 
		 -> display_player_nbr@string(16), game_phase@time_str(9), 
  i               2    7[BANK1 ] int 
 Return value:  Size  Location     Type
		None               void
 Registers used:
		wreg, fsr0l, fsr0h, status,2, status,0, pclath, cstack
 Tracked objects:
		On entry : 
		On exit  : 
		Unchanged: 
 Data sizes:     COMMON   BANK0   BANK1   BANK2
      Params:         0       0       0       0
      Locals:         0       0       3       0
      Temps:          0       0       1       0
      Totals:         0       0       4       0
Total ram usage:        4 bytes
 Hardware stack levels used:    1
 Hardware stack levels required when called:    8
 This function calls:
		_Lcd4_Write_Char
 This function is called by:
		_display_player_nbr
 This function uses a non-reentrant model


 *************** function _Lcd4_Write_Char *****************
 Defined at:
		line 83 in file "LCD_screen.c"
 Parameters:    Size  Location     Type
  a               1    wreg     unsigned char 
 Auto vars:     Size  Location     Type
  a               1    5[BANK1 ] unsigned char 
  y               1    4[BANK1 ] unsigned char 
  temp            1    3[BANK1 ] unsigned char 
 Return value:  Size  Location     Type
		None               void
 Registers used:
		wreg, status,2, status,0, pclath, cstack
 Tracked objects:
		On entry : 
		On exit  : 
		Unchanged: 
 Data sizes:     COMMON   BANK0   BANK1   BANK2
      Params:         0       0       0       0
      Locals:         0       0       3       0
      Temps:          0       0       2       0
      Totals:         0       0       5       0
Total ram usage:        5 bytes
 Hardware stack levels used:    1
 Hardware stack levels required when called:    7
 This function calls:
		_Lcd4_Port
 This function is called by:
		_Lcd4_Write_String
 This function uses a non-reentrant model


 *************** function _Lcd4_Set_Cursor *****************
 Defined at:
		line 48 in file "LCD_screen.c"
 Parameters:    Size  Location     Type
  ligne           1    wreg     unsigned char 
  pixel_nb        1    4[BANK1 ] unsigned char 
 Auto vars:     Size  Location     Type
  ligne           1    9[BANK1 ] unsigned char 
  lCmdLsb         1   11[BANK1 ] unsigned char 
  lCmdMsb         1   10[BANK1 ] unsigned char 
 Return value:  Size  Location     Type
		None               void
 Registers used:
		wreg, status,2, status,0, pclath, cstack
 Tracked objects:
		On entry : 
		On exit  : 
		Unchanged: 
 Data sizes:     COMMON   BANK0   BANK1   BANK2
      Params:         0       0       1       0
      Locals:         0       0       3       0
      Temps:          0       0       4       0
      Totals:         0       0       8       0
Total ram usage:        8 bytes
 Hardware stack levels used:    1
 Hardware stack levels required when called:    8
 This function calls:
		_Lcd4_Cmd
 This function is called by:
		_display_player_nbr
 This function uses a non-reentrant model


 *************** function _Lcd4_Cmd *****************
 Defined at:
		line 33 in file "LCD_screen.c"
 Parameters:    Size  Location     Type
  a               1    wreg     unsigned char 
 Auto vars:     Size  Location     Type
  a               1    3[BANK1 ] unsigned char 
 Return value:  Size  Location     Type
		None               void
 Registers used:
		wreg, status,2, status,0, pclath, cstack
 Tracked objects:
		On entry : 
		On exit  : 
		Unchanged: 
 Data sizes:     COMMON   BANK0   BANK1   BANK2
      Params:         0       0       0       0
      Locals:         0       0       1       0
      Temps:          0       0       2       0
      Totals:         0       0       3       0
Total ram usage:        3 bytes
 Hardware stack levels used:    1
 Hardware stack levels required when called:    7
 This function calls:
		_Lcd4_Port
 This function is called by:
		_Lcd4_Clear
		_Lcd4_Set_Cursor
		_Lcd4_Init
		_Lcd4_Shift_Right
		_Lcd4_Shift_Left
 This function uses a non-reentrant model


 *************** function _Lcd4_Port *****************
 Defined at:
		line 11 in file "LCD_screen.c"
 Parameters:    Size  Location     Type
  a               1    wreg     unsigned char 
 Auto vars:     Size  Location     Type
  a               1    0[BANK1 ] unsigned char 
 Return value:  Size  Location     Type
		None               void
 Registers used:
		wreg
 Tracked objects:
		On entry : 
		On exit  : 
		Unchanged: 
 Data sizes:     COMMON   BANK0   BANK1   BANK2
      Params:         0       0       0       0
      Locals:         0       0       1       0
      Temps:          0       0       0       0
      Totals:         0       0       1       0
Total ram usage:        1 bytes
 Hardware stack levels used:    1
 Hardware stack levels required when called:    6
 This function calls:
		Nothing
 This function is called by:
		_Lcd4_Cmd
		_Lcd4_Write_Char
 This function uses a non-reentrant model


 *************** function ___awmod *****************
 Defined at:
		line 6 in file "D:\CAE_Tools\Microchip\xc8\v1.32\sources\common\awmod.c"
 Parameters:    Size  Location     Type
  divisor         2    0[BANK1 ] int 
  dividend        2    2[BANK1 ] int 
 Auto vars:     Size  Location     Type
  sign            1    6[BANK1 ] unsigned char 
  counter         1    5[BANK1 ] unsigned char 
 Return value:  Size  Location     Type
                  2    0[BANK1 ] int 
 Registers used:
		wreg, status,2, status,0
 Tracked objects:
		On entry : 
		On exit  : 
		Unchanged: 
 Data sizes:     COMMON   BANK0   BANK1   BANK2
      Params:         0       0       4       0
      Locals:         0       0       2       0
      Temps:          0       0       1       0
      Totals:         0       0       7       0
Total ram usage:        7 bytes
 Hardware stack levels used:    1
 Hardware stack levels required when called:    6
 This function calls:
		Nothing
 This function is called by:
		_initiate_game
 This function uses a non-reentrant model


 *************** function _isr *****************
 Defined at:
		line 43 in file "interrupts.c"
 Parameters:    Size  Location     Type
		None
 Auto vars:     Size  Location     Type
  string          9    0        unsigned char [9]
 Return value:  Size  Location     Type
		None               void
 Registers used:
		wreg, fsr0l, fsr0h, status,2, status,0, pclath, cstack
 Tracked objects:
		On entry : 
		On exit  : 
		Unchanged: 
 Data sizes:     COMMON   BANK0   BANK1   BANK2
      Params:         0       0       0       0
      Locals:         0       0       0       0
      Temps:          0       7       0       0
      Totals:         0       7       0       0
Total ram usage:        7 bytes
 Hardware stack levels used:    1
 Hardware stack levels required when called:    5
 This function calls:
		_game_phase
		_switch_player
		_uart_getc
		_uart_putc
 This function is called by:
		Interrupt level 1
 This function uses a non-reentrant model


 *************** function _uart_putc *****************
 Defined at:
		line 69 in file "UART.c"
 Parameters:    Size  Location     Type
  data            1    wreg     unsigned char 
 Auto vars:     Size  Location     Type
  data            1    0[COMMON] unsigned char 
 Return value:  Size  Location     Type
		None               void
 Registers used:
		wreg
 Tracked objects:
		On entry : 
		On exit  : 
		Unchanged: 
 Data sizes:     COMMON   BANK0   BANK1   BANK2
      Params:         0       0       0       0
      Locals:         1       0       0       0
      Temps:          0       0       0       0
      Totals:         1       0       0       0
Total ram usage:        1 bytes
 Hardware stack levels used:    1
 This function calls:
		Nothing
 This function is called by:
		_isr
		_uart_printf
 This function uses a non-reentrant model


 *************** function _uart_getc *****************
 Defined at:
		line 84 in file "UART.c"
 Parameters:    Size  Location     Type
		None
 Auto vars:     Size  Location     Type
		None
 Return value:  Size  Location     Type
                  1    wreg      unsigned char 
 Registers used:
		wreg
 Tracked objects:
		On entry : 
		On exit  : 
		Unchanged: 
 Data sizes:     COMMON   BANK0   BANK1   BANK2
      Params:         0       0       0       0
      Locals:         0       0       0       0
      Temps:          0       0       0       0
      Totals:         0       0       0       0
Total ram usage:        0 bytes
 Hardware stack levels used:    1
 This function calls:
		Nothing
 This function is called by:
		_isr
		_uart_get_str
 This function uses a non-reentrant model


 *************** function _switch_player *****************
 Defined at:
		line 49 in file "game_timer/src/game_timer.c"
 Parameters:    Size  Location     Type
		None
 Auto vars:     Size  Location     Type
		None
 Return value:  Size  Location     Type
		None               void
 Registers used:
		wreg, fsr0l, fsr0h, status,2, status,0, pclath, cstack
 Tracked objects:
		On entry : 
		On exit  : 
		Unchanged: 
 Data sizes:     COMMON   BANK0   BANK1   BANK2
      Params:         0       0       0       0
      Locals:         0       0       0       0
      Temps:          1       0       0       0
      Totals:         1       0       0       0
Total ram usage:        1 bytes
 Hardware stack levels used:    1
 Hardware stack levels required when called:    4
 This function calls:
		i1_display_player_nbr
 This function is called by:
		_isr
 This function uses a non-reentrant model


 *************** function i1_display_player_nbr *****************
 Defined at:
		line 61 in file "game_timer/src/game_timer.c"
 Parameters:    Size  Location     Type
  player_numbe    1    wreg     unsigned char 
 Auto vars:     Size  Location     Type
  player_numbe    1   24[BANK0 ] unsigned char 
  display_play   16    6[BANK0 ] unsigned char [16]
  display_play    2   22[BANK0 ] unsigned char [2]
 Return value:  Size  Location     Type
		None               void
 Registers used:
		wreg, fsr0l, fsr0h, status,2, status,0, pclath, cstack
 Tracked objects:
		On entry : 
		On exit  : 
		Unchanged: 
 Data sizes:     COMMON   BANK0   BANK1   BANK2
      Params:         0       0       0       0
      Locals:         0      19       0       0
      Temps:          0       2       0       0
      Totals:         0      21       0       0
Total ram usage:       21 bytes
 Hardware stack levels used:    1
 Hardware stack levels required when called:    3
 This function calls:
		i1_Lcd4_Set_Cursor
		i1_Lcd4_Write_String
		i1_strcat
		i1_strcpy
		i1_utoa
 This function is called by:
		_switch_player
 This function uses a non-reentrant model


 *************** function i1_strcpy *****************
 Defined at:
		line 8 in file "D:\CAE_Tools\Microchip\xc8\v1.32\sources\common\strcpy.c"
 Parameters:    Size  Location     Type
  to              1    wreg     PTR unsigned char 
		 -> display_player_nbr@string(16), 
  from            1    0[COMMON] PTR const unsigned char 
		 -> STR_1(8), 
 Auto vars:     Size  Location     Type
  to              1    2[COMMON] PTR unsigned char 
		 -> display_player_nbr@string(16), 
  strcpy          1    3[COMMON] PTR unsigned char 
		 -> display_player_nbr@string(16), 
 Return value:  Size  Location     Type
                  1    wreg      PTR unsigned char 
 Registers used:
		wreg, fsr0l, fsr0h, status,2, status,0, pclath
 Tracked objects:
		On entry : 
		On exit  : 
		Unchanged: 
 Data sizes:     COMMON   BANK0   BANK1   BANK2
      Params:         1       0       0       0
      Locals:         2       0       0       0
      Temps:          1       0       0       0
      Totals:         4       0       0       0
Total ram usage:        4 bytes
 Hardware stack levels used:    2
 This function calls:
		Nothing
 This function is called by:
		i1_display_player_nbr
 This function uses a non-reentrant model


 *************** function i1_strcat *****************
 Defined at:
		line 8 in file "D:\CAE_Tools\Microchip\xc8\v1.32\sources\common\strcat.c"
 Parameters:    Size  Location     Type
  to              1    wreg     PTR unsigned char 
		 -> display_player_nbr@string(16), 
  from            1    0[COMMON] PTR const unsigned char 
		 -> display_player_nbr@string_player_number(2), 
 Auto vars:     Size  Location     Type
  to              1    2[COMMON] PTR unsigned char 
		 -> display_player_nbr@string(16), 
  strcat          1    3[COMMON] PTR unsigned char 
		 -> display_player_nbr@string(16), 
 Return value:  Size  Location     Type
                  1    wreg      PTR unsigned char 
 Registers used:
		wreg, fsr0l, fsr0h, status,2, status,0
 Tracked objects:
		On entry : 
		On exit  : 
		Unchanged: 
 Data sizes:     COMMON   BANK0   BANK1   BANK2
      Params:         1       0       0       0
      Locals:         2       0       0       0
      Temps:          1       0       0       0
      Totals:         4       0       0       0
Total ram usage:        4 bytes
 Hardware stack levels used:    1
 This function calls:
		Nothing
 This function is called by:
		i1_display_player_nbr
 This function uses a non-reentrant model


 *************** function _game_phase *****************
 Defined at:
		line 36 in file "game_timer/src/game_timer.c"
 Parameters:    Size  Location     Type
		None
 Auto vars:     Size  Location     Type
  time_str        9   21[BANK0 ] unsigned char [9]
  remaining_ti    2   30[BANK0 ] unsigned int 
 Return value:  Size  Location     Type
		None               void
 Registers used:
		wreg, fsr0l, fsr0h, status,2, status,0, pclath, cstack
 Tracked objects:
		On entry : 
		On exit  : 
		Unchanged: 
 Data sizes:     COMMON   BANK0   BANK1   BANK2
      Params:         0       0       0       0
      Locals:         0      11       0       0
      Temps:          0       2       0       0
      Totals:         0      13       0       0
Total ram usage:       13 bytes
 Hardware stack levels used:    1
 Hardware stack levels required when called:    3
 This function calls:
		_time_shapping
		i1_Lcd4_Set_Cursor
		i1_Lcd4_Write_String
 This function is called by:
		_isr
 This function uses a non-reentrant model


 *************** function i1_Lcd4_Write_String *****************
 Defined at:
		line 101 in file "LCD_screen.c"
 Parameters:    Size  Location     Type
  a               1    wreg     PTR unsigned char 
		 -> display_player_nbr@string(16), game_phase@time_str(9), 
 Auto vars:     Size  Location     Type
  a               1    7[COMMON] PTR unsigned char 
		 -> display_player_nbr@string(16), game_phase@time_str(9), 
  Lcd4_Write_S    2    8[COMMON] int 
 Return value:  Size  Location     Type
		None               void
 Registers used:
		wreg, fsr0l, fsr0h, status,2, status,0, pclath, cstack
 Tracked objects:
		On entry : 
		On exit  : 
		Unchanged: 
 Data sizes:     COMMON   BANK0   BANK1   BANK2
      Params:         0       0       0       0
      Locals:         3       0       0       0
      Temps:          1       0       0       0
      Totals:         4       0       0       0
Total ram usage:        4 bytes
 Hardware stack levels used:    1
 Hardware stack levels required when called:    2
 This function calls:
		i1_Lcd4_Write_Char
 This function is called by:
		_game_phase
		i1_display_player_nbr
 This function uses a non-reentrant model


 *************** function i1_Lcd4_Write_Char *****************
 Defined at:
		line 83 in file "LCD_screen.c"
 Parameters:    Size  Location     Type
  a               1    wreg     unsigned char 
 Auto vars:     Size  Location     Type
  a               1    5[COMMON] unsigned char 
  Lcd4_Write_C    1    4[COMMON] unsigned char 
  Lcd4_Write_C    1    3[COMMON] unsigned char 
 Return value:  Size  Location     Type
		None               void
 Registers used:
		wreg, status,2, status,0, pclath, cstack
 Tracked objects:
		On entry : 
		On exit  : 
		Unchanged: 
 Data sizes:     COMMON   BANK0   BANK1   BANK2
      Params:         0       0       0       0
      Locals:         3       0       0       0
      Temps:          2       0       0       0
      Totals:         5       0       0       0
Total ram usage:        5 bytes
 Hardware stack levels used:    1
 Hardware stack levels required when called:    1
 This function calls:
		i1_Lcd4_Port
 This function is called by:
		i1_Lcd4_Write_String
 This function uses a non-reentrant model


 *************** function i1_Lcd4_Set_Cursor *****************
 Defined at:
		line 48 in file "LCD_screen.c"
 Parameters:    Size  Location     Type
  ligne           1    wreg     unsigned char 
  pixel_nb        1    4[COMMON] unsigned char 
 Auto vars:     Size  Location     Type
  ligne           1    9[COMMON] unsigned char 
  Lcd4_Set_Cur    1   11[COMMON] unsigned char 
  Lcd4_Set_Cur    1   10[COMMON] unsigned char 
 Return value:  Size  Location     Type
		None               void
 Registers used:
		wreg, status,2, status,0, pclath, cstack
 Tracked objects:
		On entry : 
		On exit  : 
		Unchanged: 
 Data sizes:     COMMON   BANK0   BANK1   BANK2
      Params:         1       0       0       0
      Locals:         3       0       0       0
      Temps:          4       0       0       0
      Totals:         8       0       0       0
Total ram usage:        8 bytes
 Hardware stack levels used:    1
 Hardware stack levels required when called:    2
 This function calls:
		i1_Lcd4_Cmd
 This function is called by:
		_game_phase
		i1_display_player_nbr
 This function uses a non-reentrant model


 *************** function i1_Lcd4_Cmd *****************
 Defined at:
		line 33 in file "LCD_screen.c"
 Parameters:    Size  Location     Type
  a               1    wreg     unsigned char 
 Auto vars:     Size  Location     Type
  a               1    3[COMMON] unsigned char 
 Return value:  Size  Location     Type
		None               void
 Registers used:
		wreg, status,2, status,0, pclath, cstack
 Tracked objects:
		On entry : 
		On exit  : 
		Unchanged: 
 Data sizes:     COMMON   BANK0   BANK1   BANK2
      Params:         0       0       0       0
      Locals:         1       0       0       0
      Temps:          2       0       0       0
      Totals:         3       0       0       0
Total ram usage:        3 bytes
 Hardware stack levels used:    1
 Hardware stack levels required when called:    1
 This function calls:
		i1_Lcd4_Port
 This function is called by:
		i1_Lcd4_Set_Cursor
 This function uses a non-reentrant model


 *************** function i1_Lcd4_Port *****************
 Defined at:
		line 11 in file "LCD_screen.c"
 Parameters:    Size  Location     Type
  a               1    wreg     unsigned char 
 Auto vars:     Size  Location     Type
  a               1    0[COMMON] unsigned char 
 Return value:  Size  Location     Type
		None               void
 Registers used:
		wreg
 Tracked objects:
		On entry : 
		On exit  : 
		Unchanged: 
 Data sizes:     COMMON   BANK0   BANK1   BANK2
      Params:         0       0       0       0
      Locals:         1       0       0       0
      Temps:          0       0       0       0
      Totals:         1       0       0       0
Total ram usage:        1 bytes
 Hardware stack levels used:    1
 This function calls:
		Nothing
 This function is called by:
		i1_Lcd4_Cmd
		i1_Lcd4_Write_Char
 This function uses a non-reentrant model


 *************** function _time_shapping *****************
 Defined at:
		line 24 in file "misc.c"
 Parameters:    Size  Location     Type
  buffer          1    wreg     PTR unsigned char 
		 -> game_phase@time_str(9), 
  time            2    4[BANK0 ] int 
 Auto vars:     Size  Location     Type
  buffer          1   18[BANK0 ] PTR unsigned char 
		 -> game_phase@time_str(9), 
  hours_buf       2   16[BANK0 ] unsigned char [2]
  minutes_buf     2   14[BANK0 ] unsigned char [2]
  secondes_buf    2   12[BANK0 ] unsigned char [2]
  hours           2   10[BANK0 ] int 
  minutes         2    8[BANK0 ] int 
  secondes        2    6[BANK0 ] int 
 Return value:  Size  Location     Type
		None               void
 Registers used:
		wreg, fsr0l, fsr0h, status,2, status,0, pclath, cstack
 Tracked objects:
		On entry : 
		On exit  : 
		Unchanged: 
 Data sizes:     COMMON   BANK0   BANK1   BANK2
      Params:         0       2       0       0
      Locals:         0      13       0       0
      Temps:          1       0       0       0
      Totals:         1      15       0       0
Total ram usage:       16 bytes
 Hardware stack levels used:    1
 Hardware stack levels required when called:    2
 This function calls:
		___awdiv
		i1___awmod
		i1_utoa
 This function is called by:
		_game_phase
 This function uses a non-reentrant model


 *************** function i1_utoa *****************
 Defined at:
		line 17 in file "D:\CAE_Tools\Microchip\xc8\v1.32\sources\common\itoa.c"
 Parameters:    Size  Location     Type
  buf             1    wreg     PTR unsigned char 
		 -> time_shapping@hours_buf(2), time_shapping@minutes_buf(2), time_shapping@secondes_buf(2), display_player_nbr@string_player_number(2), 
  val             2    8[COMMON] unsigned int 
  base            2   10[COMMON] int 
 Auto vars:     Size  Location     Type
  buf             1    3[BANK0 ] PTR unsigned char 
		 -> time_shapping@hours_buf(2), time_shapping@minutes_buf(2), time_shapping@secondes_buf(2), display_player_nbr@string_player_number(2), 
  utoa            2    0[BANK0 ] unsigned int 
  utoa            1    2[BANK0 ] unsigned char 
 Return value:  Size  Location     Type
                  1    wreg      PTR unsigned char 
 Registers used:
		wreg, fsr0l, fsr0h, status,2, status,0, pclath, cstack
 Tracked objects:
		On entry : 
		On exit  : 
		Unchanged: 
 Data sizes:     COMMON   BANK0   BANK1   BANK2
      Params:         4       0       0       0
      Locals:         0       4       0       0
      Temps:          1       0       0       0
      Totals:         5       4       0       0
Total ram usage:        9 bytes
 Hardware stack levels used:    1
 Hardware stack levels required when called:    1
 This function calls:
		i1___lwdiv
		i1___lwmod
 This function is called by:
		_time_shapping
		i1_display_player_nbr
 This function uses a non-reentrant model


 *************** function i1___lwmod *****************
 Defined at:
		line 6 in file "D:\CAE_Tools\Microchip\xc8\v1.32\sources\common\lwmod.c"
 Parameters:    Size  Location     Type
  divisor         2    0[COMMON] unsigned int 
  dividend        2    2[COMMON] unsigned int 
 Auto vars:     Size  Location     Type
  __lwmod         1    5[COMMON] unsigned char 
 Return value:  Size  Location     Type
                  2    0[COMMON] unsigned int 
 Registers used:
		wreg, status,2, status,0
 Tracked objects:
		On entry : 
		On exit  : 
		Unchanged: 
 Data sizes:     COMMON   BANK0   BANK1   BANK2
      Params:         4       0       0       0
      Locals:         1       0       0       0
      Temps:          1       0       0       0
      Totals:         6       0       0       0
Total ram usage:        6 bytes
 Hardware stack levels used:    1
 This function calls:
		Nothing
 This function is called by:
		i1_utoa
 This function uses a non-reentrant model


 *************** function i1___lwdiv *****************
 Defined at:
		line 6 in file "D:\CAE_Tools\Microchip\xc8\v1.32\sources\common\lwdiv.c"
 Parameters:    Size  Location     Type
  divisor         2    0[COMMON] unsigned int 
  dividend        2    2[COMMON] unsigned int 
 Auto vars:     Size  Location     Type
  __lwdiv         2    5[COMMON] unsigned int 
  __lwdiv         1    7[COMMON] unsigned char 
 Return value:  Size  Location     Type
                  2    0[COMMON] unsigned int 
 Registers used:
		wreg, status,2, status,0
 Tracked objects:
		On entry : 
		On exit  : 
		Unchanged: 
 Data sizes:     COMMON   BANK0   BANK1   BANK2
      Params:         4       0       0       0
      Locals:         3       0       0       0
      Temps:          1       0       0       0
      Totals:         8       0       0       0
Total ram usage:        8 bytes
 Hardware stack levels used:    1
 This function calls:
		Nothing
 This function is called by:
		i1_utoa
 This function uses a non-reentrant model


 *************** function i1___awmod *****************
 Defined at:
		line 6 in file "D:\CAE_Tools\Microchip\xc8\v1.32\sources\common\awmod.c"
 Parameters:    Size  Location     Type
  divisor         2    0[COMMON] int 
  dividend        2    2[COMMON] int 
 Auto vars:     Size  Location     Type
  __awmod         1    6[COMMON] unsigned char 
  __awmod         1    5[COMMON] unsigned char 
 Return value:  Size  Location     Type
                  2    0[COMMON] int 
 Registers used:
		wreg, status,2, status,0
 Tracked objects:
		On entry : 
		On exit  : 
		Unchanged: 
 Data sizes:     COMMON   BANK0   BANK1   BANK2
      Params:         4       0       0       0
      Locals:         2       0       0       0
      Temps:          1       0       0       0
      Totals:         7       0       0       0
Total ram usage:        7 bytes
 Hardware stack levels used:    1
 This function calls:
		Nothing
 This function is called by:
		_time_shapping
 This function uses a non-reentrant model


 *************** function ___awdiv *****************
 Defined at:
		line 6 in file "D:\CAE_Tools\Microchip\xc8\v1.32\sources\common\awdiv.c"
 Parameters:    Size  Location     Type
  divisor         2    7[COMMON] int 
  dividend        2    9[COMMON] int 
 Auto vars:     Size  Location     Type
  quotient        2    2[BANK0 ] int 
  sign            1    1[BANK0 ] unsigned char 
  counter         1    0[BANK0 ] unsigned char 
 Return value:  Size  Location     Type
                  2    7[COMMON] int 
 Registers used:
		wreg, status,2, status,0
 Tracked objects:
		On entry : 
		On exit  : 
		Unchanged: 
 Data sizes:     COMMON   BANK0   BANK1   BANK2
      Params:         4       0       0       0
      Locals:         0       4       0       0
      Temps:          1       0       0       0
      Totals:         5       4       0       0
Total ram usage:        9 bytes
 Hardware stack levels used:    1
 This function calls:
		Nothing
 This function is called by:
		_time_shapping
 This function uses a non-reentrant model



MODULE INFORMATION

Module		Function		Class		Link	Load	Size
game_timer/src/game_timer.c
		_game_phase    		CODE           	0566	0000	51
		_initiate_game 		CODE           	010C	0000	141
		_switch_player 		CODE           	0763	0000	31
		_display_player		CODE           	0599	0000	49

game_timer/src/game_timer.c estimated size: 272

UART.c
		_initUart      		CODE           	0744	0000	31
		_uart_getc     		CODE           	0FA6	0000	10
		_uart_putc     		CODE           	0F8E	0000	8

UART.c estimated size: 49

interrupts.c
		_init_interrupt		CODE           	0F84	0000	3
		_isr           		CODE           	0343	0000	80

interrupts.c estimated size: 83

timer.c
		_init_timer_0  		CODE           	0F87	0000	7
		_init_timer_2  		CODE           	0FB0	0000	15

timer.c estimated size: 22

LCD_screen.c
		_Lcd4_Port     		CODE           	0657	0000	46
		_Lcd4_Write_Cha		CODE           	0289	0000	93
		_Lcd4_Cmd      		CODE           	07A0	0000	30
		_Lcd4_Clear    		CODE           	0F9E	0000	8
		_Lcd4_Write_Str		CODE           	0723	0000	33
		_Lcd4_Set_Curso		CODE           	0685	0000	44
		_Lcd4_Init     		CODE           	05CA	0000	48

LCD_screen.c estimated size: 302

D:\CAE_Tools\Microchip\xc8\v1.32\sources\common\itoa.c
		_utoa          		CODE           	0199	0000	120

D:\CAE_Tools\Microchip\xc8\v1.32\sources\common\itoa.c estimated size: 120

D:\CAE_Tools\Microchip\xc8\v1.32\sources\common\lwmod.c
		___lwmod       		CODE           	04FC	0000	54

D:\CAE_Tools\Microchip\xc8\v1.32\sources\common\lwmod.c estimated size: 54

D:\CAE_Tools\Microchip\xc8\v1.32\sources\common\awmod.c
		___awmod       		CODE           	0393	0000	79

D:\CAE_Tools\Microchip\xc8\v1.32\sources\common\awmod.c estimated size: 79

shared
		i1_Lcd4_Write_S		CODE           	07BE	0000	29
		i1_strcat      		CODE           	06FF	0000	36
		__stringtab    		STRING         	0800	0000	6
		__stringdata   		STRING         	0806	0000	8
		i1_utoa        		CODE           	0211	0000	120
		i1_Lcd4_Write_C		CODE           	03E2	0000	79
		i1_display_play		CODE           	05FA	0000	47
		i1___lwdiv     		CODE           	04BE	0000	62
		i1_strcpy      		CODE           	07DB	0000	28
		i1_Lcd4_Set_Cur		CODE           	06B1	0000	40
		i1___lwmod     		CODE           	0532	0000	52
		__initializatio		CODE           	0013	0000	26
		i1___awmod     		CODE           	0431	0000	77
		i1_Lcd4_Cmd    		CODE           	0FCE	0000	24
		i1_Lcd4_Port   		CODE           	0FE6	0000	26

shared estimated size: 660

D:\CAE_Tools\Microchip\xc8\v1.32\sources\common\strcat.c
		_strcat        		CODE           	06D9	0000	38

D:\CAE_Tools\Microchip\xc8\v1.32\sources\common\strcat.c estimated size: 38

misc.c
		_time_shapping 		CODE           	0030	0000	220

misc.c estimated size: 220

D:\CAE_Tools\Microchip\xc8\v1.32\sources\common\strcpy.c
		_strcpy        		CODE           	0782	0000	30

D:\CAE_Tools\Microchip\xc8\v1.32\sources\common\strcpy.c estimated size: 30

D:\CAE_Tools\Microchip\xc8\v1.32\sources\common\lwdiv.c
		___lwdiv       		CODE           	047E	0000	64

D:\CAE_Tools\Microchip\xc8\v1.32\sources\common\lwdiv.c estimated size: 64

D:\CAE_Tools\Microchip\xc8\v1.32\sources\common\awdiv.c
		___awdiv       		CODE           	02E6	0000	93

D:\CAE_Tools\Microchip\xc8\v1.32\sources\common\awdiv.c estimated size: 93

main.c
		_main          		CODE           	0FBF	0000	15

main.c estimated size: 15

system.c
		_system_init   		CODE           	0629	0000	46
		_ConfigureOscil		CODE           	0F96	0000	8

system.c estimated size: 54

